╔══════════════════════════════════════╗
║  Quality Gates: Handoff #43
║  game-programmer -> game-qa-engineer
╚══════════════════════════════════════╝

-- Gate: completeness --
  [OK] 所有必需交付物已提供

-- Gate: syntax --
[OK]  JS 语法通过
  [OK] 所有文件语法验证通过

-- Gate: behavior --
  
    ==== 通用行为测试套件 ====
  
    [1/17] 开始交互: 存在启动游戏的机制
  [OK]  初始化为函数 (initGame/startGame 等)
  
    [2/17] 状态管理: 游戏状态追踪 (state/phase)
  [OK]  游戏状态管理 -- state/phase/playing 状态检查
  
    [3/17] 音频手势初始化: AudioContext由用户交互触发
  [OK]  initAudio 函数存在 (可能在用户手势时调用)
  
    [4/17] Canvas安全: getContext返回校验
  [!!]  canvas.getContext('2d') 未做 null 检查 -- 建议添加保护
  
    [5/17] 错误处理: try-catch异常保护
  [OK]  存在多处 try-catch 错误处理 (11个try块)
  
    [6/17] DOM安全: getElementById null检查
  [OK]  DOM 访问方式安全 -- 少量 getElementById 调用 (1次)
  
    [7/17] localStorage安全: try-catch保护
  [OK]  所有 localStorage 调用已包装在 try-catch 中
  
    [8/17] 移动端适配: viewport meta标签
  [OK]  viewport meta 标签存在 (移动端适配)
  
    [9/17] 流程阻断: 无遮罩阻断游戏启动
  [OK]  核心流程无障碍 — 游戏启动无阻断
  
    [10/17] 触摸目标: 交互元素≥44px
  [OK]  触摸目标尺寸合理 (≤5个小元素)
  
    [11/17] 处理器有效: onclick引用已定义函数
  [OK]  所有事件处理器已定义
  
    [12/17] 核心可达: ≤1次交互开始游戏
  /mnt/e/agentguild/scripts/test-runner.sh: line 559: [[: 0
  0: syntax error in expression (error token is "0")
  [OK]  核心流程基本可达
  
    [13/17] 复玩机制: 游戏结束可重新开始
  [OK]  有重新开始入口 — 建议添加独立的 reset/newGame 函数确保状态清理完整
  
    [14/17] 属性访问安全: 检测不存在的属性访问
  [OK]  属性访问安全 — 未检测到可疑属性访问模式
  
    [15/17] 物理/子步质量: 游戏循环和物理模式
  [OK]  requestAnimationFrame 使用时间戳参数计算 deltaTime
  [!!]  检测到 setInterval — 确认非游戏循环用途
  [OK]  物理/子步质量合格 — 游戏循环模式正确
  
    [16/17] 死代码/琐碎代码检测
  [OK]  未检测到死代码或琐碎代码
  
    [17/17] 关键路径异常边界
  [OK]  关键路径异常保护合格 — 游戏循环/物理函数有错误边界
  
    ════ 结果: 17 通过, 0 失败 / 共 17 项 ════
  
  [OK]  所有行为测试通过
  [OK] 行为测试通过

-- Gate: playability --
  检查: index.html
    [OK] 有教程或引导提示
    [OK] 音效在用户手势时初始化
    [WARN] 核心功能可能需要多次交互才能触达
    [WARN] 缺少用户可见的错误状态
    [OK] 移动端适配

-- Gate: agent-standards --
  Agent标准检查 (from: game-programmer, to: game-qa-engineer):
  -- game-programmer 成功指标 --
  -- game-qa-engineer 成功指标 --
  [OK] 所有Agent标准检查通过

══════════════════════════════════
  Gate结果: 5 通过, 0 失败
  [OK] 所有质量门禁通过 — 可以接受
══════════════════════════════════
