PASS title 离谱卡牌 | 离谱卡牌 · 逆袭局
PASS 初始渲染3张卡 | 3
PASS 第1局开始 | 1
PASS 抽卡后第2局 | 2
PASS 抽卡实时生成离谱文案 | 离谱文案：你抽到了：在健身房偷偷吃薯片 ×255分，桃花旺到挡不住。代价是翻车翻出银河系——🐶 拆家+🧨 哑炮+🔥 自燃表示不背锅
第 2 
PASS 看广告+1张按钮出现
PASS 看广告后离谱值增加 | 264
PASS 结算屏出现(翻车1)
PASS 结算显示离谱值 | 离谱值 1144
PASS 结算屏显示离谱文案 | 你抽到了：教金鱼用尾巴签合同 ×1144分，桃花旺到挡不住！逆袭成功，🦄 独角+🍕 榴莲+🐶 拆家都在为你打call
PASS 插屏广告占位显示(第5局)
PASS 逆袭翻倍按钮出现
PASS 结算屏再来一局按钮可见
PASS 免费游玩显式入口 | 🎉 免费游玩：跳过广告，直接再来一局
PASS 再来一局回主屏
PASS 再来一局后第1局 | 1
PASS 再翻车结算屏出现
PASS 分享屏出现(第1次进分享路径)
PASS 分享卡显示离谱文案 | 你抽到了：在早高峰地铁里打太极 ×4410分，彩票站老板想收你为徒！逆袭成功，🌋 火山+🐉 喷火+🍕 榴莲都在为你打call
PASS 分享卡显示玩家昵称 | 离谱小能手
PASS 分享卡显示分数 | 4410
PASS 分享后回主屏
PASS 分享后新一局 | 1
PASS 限频场景到结算结算屏出现
PASS 分享后立即再进分享路径被限频拦截(alert) | ⏳ 分享太频繁，请30秒后再试
PASS 限频拦截后仍在结算屏
PASS 连续第3次进分享路径仍被拦截 | ⏳ 分享太频繁，请30秒后再试
PASS 新会话到结算结算屏出现
PASS 新会话分享屏出现(第1次)
PASS 取消分享回结算屏
PASS 取消后立即再进分享路径被拦截 | ⏳ 分享太频繁，请30秒后再试
PASS localStorage 存档 | 4410
PASS 无 console 错误
PASS 有对话框交互(广告/分享/限频提示) | 5

==== 34/34 passed ====
