╔══════════════════════════════════════╗
║  Quality Gates: Handoff #33
║  tech-writer -> product-manager
╚══════════════════════════════════════╝

-- Gate: completeness --
  [OK] 所有必需交付物已提供

-- Gate: syntax --
  [OK] 所有文件语法验证通过

-- Gate: behavior --
  [OK] 行为测试通过

-- Gate: playability --
    [WARN] 缺少清晰的问题陈述
    [OK] 有成功指标
    [WARN] 未定义不做什么的范围边界
  [OK] 文档类交付物检查完成

-- Gate: agent-standards --
  Agent标准检查 (from: tech-writer, to: product-manager):
  -- tech-writer 成功指标 --
  -- product-manager 成功指标 --
  [OK] 所有Agent标准检查通过

══════════════════════════════════
  Gate结果: 5 通过, 0 失败
  [OK] 所有质量门禁通过 — 可以接受
══════════════════════════════════
