╔══════════════════════════════════════╗
║  Quality Gates: Handoff #23
║  build-frontend:frontend-engineer -> qa-engineer
╚══════════════════════════════════════╝

-- Gate: completeness --
  [OK] 所有必需交付物已提供

-- Gate: syntax --
[!!]  未检测到事件绑定（如果页面需要交互请确认）
[!!]  JS 语法错误
/tmp/_guild_verify.js:17


  [FAIL] index.html: 语法验证失败

-- Gate: behavior --
  
    ==== 通用行为测试套件 ====
  
    [1/17] 开始交互: 存在启动游戏的机制
  [ERR] 未检测到开始交互机制 -- 需要按钮/画布点击触发游戏初始化
  
    [2/17] 状态管理: 游戏状态追踪 (state/phase)
  [ERR] 未检测到游戏状态管理 -- 需要 state/phase/playing 变量或守卫
  
    [3/17] 音频手势初始化: AudioContext由用户交互触发
  [ERR] 未检测到音频手势初始化 -- AudioContext 应在用户交互时创建/恢复
  
    [4/17] Canvas安全: getContext返回校验
  [!!]  canvas.getContext('2d') 未做 null 检查 -- 建议添加保护
  
    [5/17] 错误处理: try-catch异常保护
  /mnt/e/agentguild/scripts/test-runner.sh: line 182: [[: 0
  0: syntax error in expression (error token is "0")
  /mnt/e/agentguild/scripts/test-runner.sh: line 186: [[: 0
  0: syntax error in expression (error token is "0")
  [ERR] 未检测到 try-catch 错误处理 -- 关键路径需要异常保护
  
    [6/17] DOM安全: getElementById null检查
  [OK]  DOM 访问方式安全 -- 少量 getElementById 调用 (4次)
  
    [7/17] localStorage安全: try-catch保护
  /mnt/e/agentguild/scripts/test-runner.sh: line 232: [[: 0
  0: syntax error in expression (error token is "0")
  [OK]  所有 localStorage 调用已包装在 try-catch 中
  
    [8/17] 移动端适配: viewport meta标签
  [OK]  viewport meta 标签存在 (移动端适配)
  
    [9/17] 流程阻断: 无遮罩阻断游戏启动
  [!!]  检测到页面加载时显示遮罩层 — 核心功能可能在遮罩后方不可达
  
    [10/17] 触摸目标: 交互元素≥44px
  [OK]  触摸目标尺寸合理 (≤5个小元素)
  
    [11/17] 处理器有效: onclick引用已定义函数
  [OK]  所有事件处理器已定义
  
    [12/17] 核心可达: ≤1次交互开始游戏
  [!!]  核心流程可能需要多次交互才能触达 — 建议减少进入游戏前点击次数
  
    [13/17] 复玩机制: 游戏结束可重新开始
  [!!]  未检测到复玩机制 — 游戏结束后无法重新开始会降低留存
  
    [14/17] 属性访问安全: 检测不存在的属性访问
  [OK]  属性访问安全 — 未检测到可疑属性访问模式
  
    [15/17] 物理/子步质量: 游戏循环和物理模式
  [OK]  物理/子步质量合格 — 游戏循环模式正确
  
    [16/17] 死代码/琐碎代码检测
  [OK]  未检测到死代码或琐碎代码
  
    [17/17] 关键路径异常边界
  [OK]  关键路径异常保护合格 — 游戏循环/物理函数有错误边界
  
    ════ 结果: 10 通过, 7 失败 / 共 17 项 ════
  
  [ERR] 7 项行为测试失败
  [FAIL] 行为测试未全部通过

-- Gate: playability --
  检查: index.html
    [WARN] 缺少教程或引导提示
    [WARN] 核心功能可能需要多次交互才能触达
    [WARN] 缺少用户可见的错误状态
    [OK] 移动端适配

-- Gate: agent-standards --
  Agent标准检查 (from: build-frontend:frontend-engineer, to: qa-engineer):
  [SKIP] build-frontend:frontend-engineer: 未找到Agent定义文件
  -- qa-engineer 成功指标 --
  [OK] 所有Agent标准检查通过

══════════════════════════════════
  Gate结果: 3 通过, 2 失败
  [FAIL] 2 个门禁未通过 — 拒绝接受
══════════════════════════════════
